Microchip MPLAB XC8 Compiler V1.35 ()

Linker command line:

--edf=C:\Program Files (x86)\Microchip\xc8\v1.35\dat\en_msgs.txt -cs \
  -h+dist/default/production\xc8_test.X.production.sym \
  --cmf=dist/default/production\xc8_test.X.production.cmf -z -Q16F917 \
  -oC:\Users\ALEXAN~1\AppData\Local\Temp\s6s.2 \
  -Mdist/default/production/xc8_test.X.production.map -E1 -ver=XC8 \
  -ASTACK=0190h-01efh -pstack=STACK -ACODE=00h-07FFhx4 -ASTRCODE=00h-01FFFh \
  -ASTRING=00h-0FFhx32 -ACONST=00h-0FFhx32 -AENTRY=00h-0FFhx32 \
  -ACOMMON=070h-07Fh -ABANK0=020h-06Fh -ABANK1=0A0h-0EFh \
  -ABANK2=0120h-016Fh -ABANK3=0190h-01EFh \
  -ARAM=020h-06Fh,0A0h-0EFh,0120h-016Fh,0190h-01EFh \
  -AABS1=020h-07Fh,0A0h-0EFh,0120h-016Fh,0190h-01EFh -ASFR0=00h-01Fh \
  -ASFR1=080h-09Fh -ASFR2=0100h-011Fh -ASFR3=0180h-018Fh \
  -preset_vec=00h,intentry=04h,init,end_init -ppowerup=CODE -pcinit=CODE \
  -pfunctab=CODE -ACONFIG=02007h-02007h -pconfig=CONFIG -DCONFIG=2 \
  -AIDLOC=02000h-02003h -pidloc=IDLOC -DIDLOC=2 -AEEDATA=00h-0FFh/02100h \
  -peeprom_data=EEDATA -DEEDATA=2 -DCODE=2 -DSTRCODE=2 -DSTRING=2 -DCONST=2 \
  -DENTRY=2 -k C:\Users\ALEXAN~1\AppData\Local\Temp\s6s.obj \
  dist/default/production\xc8_test.X.production.obj 

Object code version is 3.11

Machine type is 16F917



                Name                               Link     Load   Length Selector   Space Scale
C:\Users\ALEXAN~1\AppData\Local\Temp\s6s.obj
                end_init                             12       12        3        8       0
                reset_vec                             0        0        3        0       0
                config                             2007     2007        1     400E       0
dist/default/production\xc8_test.X.production.obj
                cinit                                15       15       10        8       0
                functab                             100      100        A        2       0
                intentry                              4        4        E        8       0
                text13                              309      309        4        2       0
                text12                              302      302        7        2       0
                text11                              2E0      2E0        F        2       0
                text10                              21B      21B       41        2       0
                text9                               28A      28A       24        2       0
                text8                               17A      17A       60        2       0
                text7                               1DA      1DA       41        2       0
                text6                               2EF      2EF        B        2       0
                text5                               2D1      2D1        F        2       0
                text4                               25C      25C       2E        2       0
                text3                               2C1      2C1       10        2       0
                text2                               2FA      2FA        8        2       0
                text1                               2AE      2AE       13        2       0
                maintext                            10A      10A       70        2       0
                cstackBANK0                          20       20       1C       20       1
                cstackCOMMON                         70       70        9       70       1
                bssBANK0                             3C       3C        6       20       1
                dataCOMMON                           7C       7C        1       70       1
                bssCOMMON                            79       79        2       70       1
                nvBANK0                              42       42        4       20       1
                nvCOMMON                             7B       7B        1       70       1
                idataCOMMON                         30D      30D        1        2       0

TOTAL           Name                               Link     Load   Length     Space
        CLASS   STACK          

        CLASS   CODE           
                end_init                             12       12        3         0
                cinit                                15       15       10         0
                functab                             100      100        A         0
                intentry                              4        4        E         0
                reset_vec                             0        0        3         0
                text13                              309      309        4         0
                text12                              302      302        7         0
                text11                              2E0      2E0        F         0
                text10                              21B      21B       41         0
                text9                               28A      28A       24         0
                text8                               17A      17A       60         0
                text7                               1DA      1DA       41         0
                text6                               2EF      2EF        B         0
                text5                               2D1      2D1        F         0
                text4                               25C      25C       2E         0
                text3                               2C1      2C1       10         0
                text2                               2FA      2FA        8         0
                text1                               2AE      2AE       13         0
                maintext                            10A      10A       70         0
                idataCOMMON                         30D      30D        1         0

        CLASS   STRCODE        

        CLASS   STRING         

        CLASS   CONST          

        CLASS   ENTRY          

        CLASS   COMMON         
                cstackCOMMON                         70       70        9         1
                dataCOMMON                           7C       7C        1         1
                bssCOMMON                            79       79        2         1
                nvCOMMON                             7B       7B        1         1

        CLASS   BANK0          
                cstackBANK0                          20       20       1C         1
                bssBANK0                             3C       3C        6         1
                nvBANK0                              42       42        4         1

        CLASS   BANK1          

        CLASS   BANK2          

        CLASS   BANK3          

        CLASS   RAM            

        CLASS   ABS1           
                abs_s1                               7E       7E        2         1

        CLASS   SFR0           

        CLASS   SFR1           

        CLASS   SFR2           

        CLASS   SFR3           

        CLASS   CONFIG         
                config                             2007     2007        1         0

        CLASS   IDLOC          

        CLASS   EEDATA         



SEGMENTS        Name                           Load    Length   Top    Selector   Space  Class     Delta

                reset_vec                      000000  000003  000003         0       0  CODE        2
                intentry                       000004  000021  000025         8       0  CODE        2
                cstackBANK0                    000020  000026  000046        20       1  BANK0       1
                cstackCOMMON                   000070  00000D  00007D        70       1  COMMON      1
                functab                        000100  00020E  00030E         2       0  CODE        2
                config                         002007  000001  002008      400E       0  CONFIG      2


UNUSED ADDRESS RANGES

        Name                Unused          Largest block    Delta
        BANK0            0046-006F             2A           1
        BANK1            00A0-00EF             50           1
        BANK2            0120-016F             50           1
        BANK3            0190-01EF             60           1
        CODE             0003-0003              1           2
                         0025-00FF             DB
                         030E-1FFF            800
        COMMON           007D-007D              1           1
        CONST            0003-0003              1           2
                         0025-00FF             DB
                         030E-1FFF            100
        EEDATA           2100-21FF            100           2
        ENTRY            0003-0003              1           2
                         0025-00FF             DB
                         030E-1FFF            100
        IDLOC            2000-2003              4           2
        RAM              0046-006F             2A           1
                         00A0-00EF             50
                         0120-016F             50
                         0190-01EF             60
        SFR0             0000-001F             20           1
        SFR1             0080-009F             20           1
        SFR2             0100-011F             20           1
        SFR3             0180-018F             10           1
        STACK            0190-01EF             60           1
        STRCODE          0003-0003              1           2
                         0025-00FF             DB
                         030E-1FFF           1CF2
        STRING           0003-0003              1           2
                         0025-00FF             DB
                         030E-1FFF            100

                                  Symbol Table

?___lldiv                 cstackBANK0  0020
?_adc_channel             cstackBANK0  0021
PWM2_duty@duty            cstackBANK0  0020
PWM2_init@fre             cstackBANK0  002E
_ADCON0bits               (abs)        001F
_ADCON1bits               (abs)        009F
_ADRESH                   (abs)        001E
_ADRESL                   (abs)        009E
_ANSEL                    (abs)        0091
_CCP1M2                   (abs)        00BA
_CCP1M3                   (abs)        00BB
_CCP1X                    (abs)        00BD
_CCP1Y                    (abs)        00BC
_CCP2M2                   (abs)        00EA
_CCP2M3                   (abs)        00EB
_CCP2X                    (abs)        00ED
_CCP2Y                    (abs)        00EC
_CCPR1L                   (abs)        0015
_CCPR2L                   (abs)        001B
_GIE                      (abs)        005F
_ISR_Handler              text10       021B
_LED_output               bssCOMMON    0079
_PEIE                     (abs)        005E
_PORTD                    (abs)        0008
_PR2                      (abs)        0092
_PWM2_duty                text9        028A
_PWM2_init                text7        01DA
_PWM2_start               text6        02EF
_SSPADD                   (abs)        0093
_SSPBUF                   (abs)        0013
_SSPCON                   (abs)        0014
_SSPIE                    (abs)        0463
_SSPIF                    (abs)        0063
_SSPSTATbits              (abs)        0094
_T2CKPS0                  (abs)        0090
_T2CKPS1                  (abs)        0091
_TMR2ON                   (abs)        0092
_TRISA                    (abs)        0085
_TRISBbits                (abs)        0086
_TRISC1                   (abs)        0439
_TRISC2                   (abs)        043A
_TRISC6                   (abs)        043E
_TRISC7                   (abs)        043F
_TRISD                    (abs)        0088
__CFG_BOREN$ON            (abs)        0000
__CFG_CP$OFF              (abs)        0000
__CFG_FCMEN$ON            (abs)        0000
__CFG_FOSC$HS             (abs)        0000
__CFG_IESO$ON             (abs)        0000
__CFG_MCLRE$ON            (abs)        0000
__CFG_PWRTE$OFF           (abs)        0000
__CFG_WDTE$OFF            (abs)        0000
__Habs1                   abs1         0000
__Hbank0                  bank0        0000
__Hbank1                  bank1        0000
__Hbank2                  bank2        0000
__Hbank3                  bank3        0000
__HbssBANK0               bssBANK0     0000
__HbssCOMMON              bssCOMMON    0000
__Hcinit                  cinit        0025
__Hclrtext                clrtext      0000
__Hcode                   code         0000
__Hcommon                 common       0000
__Hconfig                 config       2008
__HcstackBANK0            cstackBANK0  0000
__HcstackCOMMON           cstackCOMMON 0000
__HdataCOMMON             dataCOMMON   0000
__Heeprom_data            eeprom_data  0000
__Hend_init               end_init     0015
__Hfunctab                functab      010A
__HidataCOMMON            idataCOMMON  0000
__Hidloc                  idloc        0000
__Hinit                   init         0012
__Hintentry               intentry     0012
__Hmaintext               maintext     0000
__HnvBANK0                nvBANK0      0000
__HnvCOMMON               nvCOMMON     0000
__Hpowerup                powerup      0000
__Hram                    ram          0000
__Hreset_vec              reset_vec    0003
__Hsfr0                   sfr0         0000
__Hsfr1                   sfr1         0000
__Hsfr2                   sfr2         0000
__Hsfr3                   sfr3         0000
__Hspace_0                (abs)        2008
__Hspace_1                (abs)        007D
__Hspace_2                (abs)        0000
__Hspace_3                (abs)        0000
__Hstack                  stack        0000
__Hstrings                strings      0000
__Htext                   text         0000
__Labs1                   abs1         0000
__Lbank0                  bank0        0000
__Lbank1                  bank1        0000
__Lbank2                  bank2        0000
__Lbank3                  bank3        0000
__LbssBANK0               bssBANK0     0000
__LbssCOMMON              bssCOMMON    0000
__Lcinit                  cinit        0015
__Lclrtext                clrtext      0000
__Lcode                   code         0000
__Lcommon                 common       0000
__Lconfig                 config       2007
__LcstackBANK0            cstackBANK0  0000
__LcstackCOMMON           cstackCOMMON 0000
__LdataCOMMON             dataCOMMON   0000
__Leeprom_data            eeprom_data  0000
__Lend_init               end_init     0012
__Lfunctab                functab      0100
__LidataCOMMON            idataCOMMON  0000
__Lidloc                  idloc        0000
__Linit                   init         0012
__Lintentry               intentry     0004
__Lmaintext               maintext     0000
__LnvBANK0                nvBANK0      0000
__LnvCOMMON               nvCOMMON     0000
__Lpowerup                powerup      0000
__Lram                    ram          0000
__Lreset_vec              reset_vec    0000
__Lsfr0                   sfr0         0000
__Lsfr1                   sfr1         0000
__Lsfr2                   sfr2         0000
__Lsfr3                   sfr3         0000
__Lspace_0                (abs)        0000
__Lspace_1                (abs)        0000
__Lspace_2                (abs)        0000
__Lspace_3                (abs)        0000
__Lstack                  stack        0000
__Lstrings                strings      0000
__Ltext                   text         0000
__S0                      (abs)        2008
__S1                      (abs)        007D
__S2                      (abs)        0000
__S3                      (abs)        0000
___int_sp                 stack        0000
___latbits                (abs)        0002
___lldiv                  text8        017A
___lldiv@counter          cstackBANK0  002D
___lldiv@dividend         cstackBANK0  0024
___lldiv@divisor          cstackBANK0  0020
___lldiv@quotient         cstackBANK0  0029
___sp                     stack        0000
__end_of_ISR_Handler      text10       025C
__end_of_PWM2_duty        text9        02AE
__end_of_PWM2_init        text7        021B
__end_of_PWM2_start       text6        02FA
__end_of___lldiv          text8        01DA
__end_of__i1fptable       functab      010A
__end_of__initialization  cinit        0021
__end_of_adc_channel      text4        028A
__end_of_get_input        text5        02E0
__end_of_i2c_handler      text12       0309
__end_of_i2c_init_slave   text3        02D1
__end_of_i2c_read_byte    text13       030D
__end_of_i2c_set_handler  text2        0302
__end_of_init_adc         text1        02C1
__end_of_main             maintext     017A
__end_of_msg_resolve      text11       02EF
__i1fptable               functab      0101
__initialization          cinit        0015
__pbssBANK0               bssBANK0     003C
__pbssCOMMON              bssCOMMON    0079
__pcstackBANK0            cstackBANK0  0020
__pcstackCOMMON           cstackCOMMON 0070
__pdataCOMMON             dataCOMMON   007C
__pfunctab                functab      0100
__pidataCOMMON            idataCOMMON  030D
__pintentry               intentry     0004
__pmaintext               maintext     010A
__pnvBANK0                nvBANK0      0042
__pnvCOMMON               nvCOMMON     007B
__ptext1                  text1        02AE
__ptext10                 text10       021B
__ptext11                 text11       02E0
__ptext12                 text12       0302
__ptext13                 text13       0309
__ptext2                  text2        02FA
__ptext3                  text3        02C1
__ptext4                  text4        025C
__ptext5                  text5        02D1
__ptext6                  text6        02EF
__ptext7                  text7        01DA
__ptext8                  text8        017A
__ptext9                  text9        028A
__size_of_ISR_Handler     (abs)        0000
__size_of_PWM2_duty       (abs)        0000
__size_of_PWM2_init       (abs)        0000
__size_of_PWM2_start      (abs)        0000
__size_of___lldiv         (abs)        0000
__size_of__i1fptable      (abs)        0000
__size_of_adc_channel     (abs)        0000
__size_of_get_input       (abs)        0000
__size_of_i2c_handler     (abs)        0000
__size_of_i2c_init_slave  (abs)        0000
__size_of_i2c_read_byte   (abs)        0000
__size_of_i2c_set_handler (abs)        0000
__size_of_init_adc        (abs)        0000
__size_of_main            (abs)        0000
__size_of_msg_resolve     (abs)        0000
_adc_channel              text4        025C
_direction                dataCOMMON   007C
_duty                     bssBANK0     0040
_freq                     nvBANK0      0042
_get_input                text5        02D1
_i2c_handler              text12       0302
_i2c_init_slave           text3        02C1
_i2c_read_byte            text13       0309
_i2c_set_handler          text2        02FA
_init_adc                 text1        02AE
_main                     maintext     010A
_msg                      bssBANK0     003C
_msg_resolve              text11       02E0
_p                        nvCOMMON     007B
adc_channel@adc_val       cstackBANK0  0025
adc_channel@ch            cstackBANK0  0021
btemp                     (abs)        007E
end_of_initialization     cinit        0021
fpbase                    (abs)        0000
fptable                   functab      0100
fptotal                   (abs)        0000
i1fpbase                  functab      0106
i1fptable                 functab      0101
i1fptotal                 (abs)        0002
i2c_handler@msg           cstackCOMMON 0070
i2c_set_handler@h         cstackBANK0  0021
interrupt_function        intentry     0004
intlevel0                 functab      0100
intlevel1                 functab      0100
intlevel2                 functab      0100
intlevel3                 functab      0100
intlevel4                 functab      0100
intlevel5                 functab      0100
ltemp                     (abs)        007E
ltemp0                    (abs)        007E
ltemp1                    (abs)        0082
ltemp2                    (abs)        0086
ltemp3                    (abs)        0080
main@adc_value1_70        cstackBANK0  003A
main@adc_value2_71        cstackBANK0  0036
main@adc_value3_72        cstackBANK0  0038
reset_vec                 reset_vec    0000
saved_w                   (abs)        007E
stackhi                   (abs)        0000
stacklo                   (abs)        0000
start                     init         0012
start_initialization      cinit        0015
ttemp                     (abs)        007E
ttemp0                    (abs)        007E
ttemp1                    (abs)        0081
ttemp2                    (abs)        0084
ttemp3                    (abs)        0087
ttemp4                    (abs)        007F
wtemp                     (abs)        007E
wtemp0                    (abs)        007E
wtemp1                    (abs)        0080
wtemp2                    (abs)        0082
wtemp3                    (abs)        0084
wtemp4                    (abs)        0086
wtemp5                    (abs)        0088
wtemp6                    (abs)        007F


FUNCTION INFORMATION:

 *************** function _main *****************
 Defined at:
		line 31 in file "main.c"
 Parameters:    Size  Location     Type
		None
 Auto vars:     Size  Location     Type
  adc_value1      2   26[BANK0 ] unsigned short 
  adc_value3      2   24[BANK0 ] unsigned short 
  adc_value2      2   22[BANK0 ] unsigned short 
  adc_value3      1    0        unsigned char 
  adc_value2      1    0        unsigned char 
  adc_value1      1    0        unsigned char 
 Return value:  Size  Location     Type
		None               void
 Registers used:
		wreg, status,2, status,0, btemp+1, pclath, cstack
 Tracked objects:
		On entry : 
		On exit  : 
		Unchanged: 
 Data sizes:     COMMON   BANK0   BANK1   BANK3   BANK2
      Params:         0       0       0       0       0
      Locals:         0       6       0       0       0
      Temps:          0       0       0       0       0
      Totals:         0       6       0       0       0
Total ram usage:        6 bytes
 Hardware stack levels required when called:    5
 This function calls:
		_PWM2_duty
		_PWM2_init
		_PWM2_start
		_adc_channel
		_i2c_init_slave
		_i2c_set_handler
		_init_adc
 This function is called by:
		Startup code after reset
 This function uses a non-reentrant model


 *************** function _init_adc *****************
 Defined at:
		line 15 in file "adc.c"
 Parameters:    Size  Location     Type
		None
 Auto vars:     Size  Location     Type
		None
 Return value:  Size  Location     Type
		None               void
 Registers used:
		wreg, status,2, status,0
 Tracked objects:
		On entry : 
		On exit  : 
		Unchanged: 
 Data sizes:     COMMON   BANK0   BANK1   BANK3   BANK2
      Params:         0       0       0       0       0
      Locals:         0       0       0       0       0
      Temps:          0       0       0       0       0
      Totals:         0       0       0       0       0
Total ram usage:        0 bytes
 Hardware stack levels used:    1
 Hardware stack levels required when called:    3
 This function calls:
		Nothing
 This function is called by:
		_main
 This function uses a non-reentrant model


 *************** function _i2c_set_handler *****************
 Defined at:
		line 56 in file "i2c.c"
 Parameters:    Size  Location     Type
  h               1    wreg     PTR FTN(struct message,)
		 -> i2c_handler(0), 
 Auto vars:     Size  Location     Type
  h               1    1[BANK0 ] PTR FTN(struct message,)
		 -> i2c_handler(0), 
 Return value:  Size  Location     Type
		None               void
 Registers used:
		wreg
 Tracked objects:
		On entry : 
		On exit  : 
		Unchanged: 
 Data sizes:     COMMON   BANK0   BANK1   BANK3   BANK2
      Params:         0       0       0       0       0
      Locals:         0       1       0       0       0
      Temps:          0       1       0       0       0
      Totals:         0       2       0       0       0
Total ram usage:        2 bytes
 Hardware stack levels used:    1
 Hardware stack levels required when called:    3
 This function calls:
		Nothing
 This function is called by:
		_main
 This function uses a non-reentrant model


 *************** function _i2c_init_slave *****************
 Defined at:
		line 22 in file "i2c.c"
 Parameters:    Size  Location     Type
		None
 Auto vars:     Size  Location     Type
		None
 Return value:  Size  Location     Type
		None               void
 Registers used:
		wreg
 Tracked objects:
		On entry : 
		On exit  : 
		Unchanged: 
 Data sizes:     COMMON   BANK0   BANK1   BANK3   BANK2
      Params:         0       0       0       0       0
      Locals:         0       0       0       0       0
      Temps:          0       0       0       0       0
      Totals:         0       0       0       0       0
Total ram usage:        0 bytes
 Hardware stack levels used:    1
 Hardware stack levels required when called:    3
 This function calls:
		Nothing
 This function is called by:
		_main
 This function uses a non-reentrant model


 *************** function _adc_channel *****************
 Defined at:
		line 63 in file "adc.c"
 Parameters:    Size  Location     Type
  ch              2    1[BANK0 ] int 
 Auto vars:     Size  Location     Type
  adc_val         2    5[BANK0 ] unsigned short 
 Return value:  Size  Location     Type
                  2    1[BANK0 ] unsigned short 
 Registers used:
		wreg, status,2, status,0, btemp+1, pclath, cstack
 Tracked objects:
		On entry : 
		On exit  : 
		Unchanged: 
 Data sizes:     COMMON   BANK0   BANK1   BANK3   BANK2
      Params:         0       2       0       0       0
      Locals:         0       2       0       0       0
      Temps:          0       2       0       0       0
      Totals:         0       6       0       0       0
Total ram usage:        6 bytes
 Hardware stack levels used:    1
 Hardware stack levels required when called:    4
 This function calls:
		_get_input
 This function is called by:
		_main
		_read_feedback
 This function uses a non-reentrant model


 *************** function _get_input *****************
 Defined at:
		line 48 in file "adc.c"
 Parameters:    Size  Location     Type
		None
 Auto vars:     Size  Location     Type
		None
 Return value:  Size  Location     Type
		None               void
 Registers used:
		wreg
 Tracked objects:
		On entry : 
		On exit  : 
		Unchanged: 
 Data sizes:     COMMON   BANK0   BANK1   BANK3   BANK2
      Params:         0       0       0       0       0
      Locals:         0       0       0       0       0
      Temps:          0       1       0       0       0
      Totals:         0       1       0       0       0
Total ram usage:        1 bytes
 Hardware stack levels used:    1
 Hardware stack levels required when called:    3
 This function calls:
		Nothing
 This function is called by:
		_adc_channel
 This function uses a non-reentrant model


 *************** function _PWM2_start *****************
 Defined at:
		line 107 in file "pwm.c"
 Parameters:    Size  Location     Type
		None
 Auto vars:     Size  Location     Type
		None
 Return value:  Size  Location     Type
		None               void
 Registers used:
		None
 Tracked objects:
		On entry : 
		On exit  : 
		Unchanged: 
 Data sizes:     COMMON   BANK0   BANK1   BANK3   BANK2
      Params:         0       0       0       0       0
      Locals:         0       0       0       0       0
      Temps:          0       0       0       0       0
      Totals:         0       0       0       0       0
Total ram usage:        0 bytes
 Hardware stack levels used:    1
 Hardware stack levels required when called:    3
 This function calls:
		Nothing
 This function is called by:
		_main
 This function uses a non-reentrant model


 *************** function _PWM2_init *****************
 Defined at:
		line 41 in file "pwm.c"
 Parameters:    Size  Location     Type
  fre             4   14[BANK0 ] unsigned long 
 Auto vars:     Size  Location     Type
		None
 Return value:  Size  Location     Type
		None               void
 Registers used:
		wreg, status,2, status,0, pclath, cstack
 Tracked objects:
		On entry : 
		On exit  : 
		Unchanged: 
 Data sizes:     COMMON   BANK0   BANK1   BANK3   BANK2
      Params:         0       4       0       0       0
      Locals:         0       0       0       0       0
      Temps:          0       4       0       0       0
      Totals:         0       8       0       0       0
Total ram usage:        8 bytes
 Hardware stack levels used:    1
 Hardware stack levels required when called:    4
 This function calls:
		___lldiv
 This function is called by:
		_main
 This function uses a non-reentrant model


 *************** function ___lldiv *****************
 Defined at:
		line 6 in file "C:\Program Files (x86)\Microchip\xc8\v1.35\sources\common\lldiv.c"
 Parameters:    Size  Location     Type
  divisor         4    0[BANK0 ] unsigned long 
  dividend        4    4[BANK0 ] unsigned long 
 Auto vars:     Size  Location     Type
  quotient        4    9[BANK0 ] unsigned long 
  counter         1   13[BANK0 ] unsigned char 
 Return value:  Size  Location     Type
                  4    0[BANK0 ] unsigned long 
 Registers used:
		wreg, status,2, status,0
 Tracked objects:
		On entry : 
		On exit  : 
		Unchanged: 
 Data sizes:     COMMON   BANK0   BANK1   BANK3   BANK2
      Params:         0       8       0       0       0
      Locals:         0       5       0       0       0
      Temps:          0       1       0       0       0
      Totals:         0      14       0       0       0
Total ram usage:       14 bytes
 Hardware stack levels used:    1
 Hardware stack levels required when called:    3
 This function calls:
		Nothing
 This function is called by:
		_PWM2_init
		_PWM1_init
 This function uses a non-reentrant model


 *************** function _PWM2_duty *****************
 Defined at:
		line 63 in file "pwm.c"
 Parameters:    Size  Location     Type
  duty            2    0[BANK0 ] unsigned int 
 Auto vars:     Size  Location     Type
		None
 Return value:  Size  Location     Type
		None               void
 Registers used:
		wreg, status,2, status,0
 Tracked objects:
		On entry : 
		On exit  : 
		Unchanged: 
 Data sizes:     COMMON   BANK0   BANK1   BANK3   BANK2
      Params:         0       2       0       0       0
      Locals:         0       0       0       0       0
      Temps:          0       2       0       0       0
      Totals:         0       4       0       0       0
Total ram usage:        4 bytes
 Hardware stack levels used:    1
 Hardware stack levels required when called:    3
 This function calls:
		Nothing
 This function is called by:
		_main
		_PWM2_duty_percent
 This function uses a non-reentrant model


 *************** function _ISR_Handler *****************
 Defined at:
		line 73 in file "i2c.c"
 Parameters:    Size  Location     Type
		None
 Auto vars:     Size  Location     Type
		None
 Return value:  Size  Location     Type
		None               void
 Registers used:
		wreg, fsr0l, fsr0h, status,2, status,0, pclath, cstack
 Tracked objects:
		On entry : 
		On exit  : 
		Unchanged: 
 Data sizes:     COMMON   BANK0   BANK1   BANK3   BANK2
      Params:         0       0       0       0       0
      Locals:         0       0       0       0       0
      Temps:          5       0       0       0       0
      Totals:         5       0       0       0       0
Total ram usage:        5 bytes
 Hardware stack levels used:    1
 Hardware stack levels required when called:    2
 This function calls:
		_i2c_read_byte
		_msg_resolve
 This function is called by:
		Interrupt level 1
 This function uses a non-reentrant model


 *************** function _msg_resolve *****************
 Defined at:
		line 65 in file "i2c.c"
 Parameters:    Size  Location     Type
		None
 Auto vars:     Size  Location     Type
		None
 Return value:  Size  Location     Type
		None               void
 Registers used:
		wreg, status,2, status,0, pclath, cstack
 Tracked objects:
		On entry : 
		On exit  : 
		Unchanged: 
 Data sizes:     COMMON   BANK0   BANK1   BANK3   BANK2
      Params:         0       0       0       0       0
      Locals:         0       0       0       0       0
      Temps:          0       0       0       0       0
      Totals:         0       0       0       0       0
Total ram usage:        0 bytes
 Hardware stack levels used:    1
 Hardware stack levels required when called:    1
 This function calls:
		Absolute function
		_i2c_handler
 This function is called by:
		_ISR_Handler
 This function uses a non-reentrant model


 *************** function _i2c_handler *****************
 Defined at:
		line 66 in file "main.c"
 Parameters:    Size  Location     Type
  msg             4    0[COMMON] struct message
 Auto vars:     Size  Location     Type
		None
 Return value:  Size  Location     Type
		None               void
 Registers used:
		wreg
 Tracked objects:
		On entry : 
		On exit  : 
		Unchanged: 
 Data sizes:     COMMON   BANK0   BANK1   BANK3   BANK2
      Params:         4       0       0       0       0
      Locals:         0       0       0       0       0
      Temps:          0       0       0       0       0
      Totals:         4       0       0       0       0
Total ram usage:        4 bytes
 Hardware stack levels used:    1
 This function calls:
		Nothing
 This function is called by:
		_main
		_msg_resolve
 This function uses a non-reentrant model


 *************** function _i2c_read_byte *****************
 Defined at:
		line 61 in file "i2c.c"
 Parameters:    Size  Location     Type
		None
 Auto vars:     Size  Location     Type
		None
 Return value:  Size  Location     Type
                  1    wreg      unsigned char 
 Registers used:
		wreg
 Tracked objects:
		On entry : 
		On exit  : 
		Unchanged: 
 Data sizes:     COMMON   BANK0   BANK1   BANK3   BANK2
      Params:         0       0       0       0       0
      Locals:         0       0       0       0       0
      Temps:          0       0       0       0       0
      Totals:         0       0       0       0       0
Total ram usage:        0 bytes
 Hardware stack levels used:    1
 This function calls:
		Nothing
 This function is called by:
		_ISR_Handler
 This function uses a non-reentrant model



MODULE INFORMATION

Module		Function		Class		Link	Load	Size
i2c.c
		_i2c_init_slave		CODE           	02C1	0000	17
		_i2c_set_handler		CODE           	02FA	0000	9
		_ISR_Handler   		CODE           	021B	0000	66
		_msg_resolve   		CODE           	02E0	0000	16
		_i2c_read_byte 		CODE           	0309	0000	5

i2c.c estimated size: 113

pwm.c
		_PWM2_start    		CODE           	02EF	0000	12
		_PWM2_init     		CODE           	01DA	0000	66
		_PWM2_duty     		CODE           	028A	0000	37

pwm.c estimated size: 115

adc.c
		_adc_channel   		CODE           	025C	0000	47
		_get_input     		CODE           	02D1	0000	16
		_init_adc      		CODE           	02AE	0000	20

adc.c estimated size: 83

shared
		__i1fptable    		CODE           	0101	0000	10
		__initialization		CODE           	0015	0000	13

shared estimated size: 23

C:\Program Files (x86)\Microchip\xc8\v1.35\sources\common\lldiv.c
		___lldiv       		CODE           	017A	0000	97

C:\Program Files (x86)\Microchip\xc8\v1.35\sources\common\lldiv.c estimated size: 97

main.c
		_main          		CODE           	010A	0000	113
		_i2c_handler   		CODE           	0302	0000	8

main.c estimated size: 121

